Archive member included to satisfy reference by file (symbol)

c:/program files (x86)/gnu arm embedded toolchain/10 2021.10/bin/../lib/gcc/arm-none-eabi/10.3.1/../../../../arm-none-eabi/lib/thumb/v7-m/nofp\libc.a(lib_a-strcmp.o)
                              Build/main.o (strcmp)

Discarded input sections

 .data          0x00000000        0x0 Build/gpio.o
 .bss           0x00000000        0x0 Build/gpio.o
 .data          0x00000000        0x0 Build/main.o
 .bss           0x00000000      0x670 Build/main.o
 .data          0x00000000        0x0 Build/os.o
 .data          0x00000000        0x0 Build/startup.o
 .bss           0x00000000        0x0 Build/startup.o
 .text          0x00000000      0x280 Build/timer.o
 .data          0x00000000        0x0 Build/timer.o
 .bss           0x00000000        0x0 Build/timer.o
 .debug_info    0x00000000      0x46c Build/timer.o
 .debug_abbrev  0x00000000      0x126 Build/timer.o
 .debug_aranges
                0x00000000       0x20 Build/timer.o
 .debug_line    0x00000000      0x1f6 Build/timer.o
 .debug_str     0x00000000      0x26d Build/timer.o
 .comment       0x00000000       0x4a Build/timer.o
 .debug_frame   0x00000000      0x174 Build/timer.o
 .ARM.attributes
                0x00000000       0x2d Build/timer.o
 .data          0x00000000        0x0 Build/usart.o
 .bss           0x00000000        0x0 Build/usart.o
 .data          0x00000000        0x0 c:/program files (x86)/gnu arm embedded toolchain/10 2021.10/bin/../lib/gcc/arm-none-eabi/10.3.1/../../../../arm-none-eabi/lib/thumb/v7-m/nofp\libc.a(lib_a-strcmp.o)
 .bss           0x00000000        0x0 c:/program files (x86)/gnu arm embedded toolchain/10 2021.10/bin/../lib/gcc/arm-none-eabi/10.3.1/../../../../arm-none-eabi/lib/thumb/v7-m/nofp\libc.a(lib_a-strcmp.o)
 .debug_frame   0x00000000       0x34 c:/program files (x86)/gnu arm embedded toolchain/10 2021.10/bin/../lib/gcc/arm-none-eabi/10.3.1/../../../../arm-none-eabi/lib/thumb/v7-m/nofp\libc.a(lib_a-strcmp.o)
 .ARM.attributes
                0x00000000       0x1b c:/program files (x86)/gnu arm embedded toolchain/10 2021.10/bin/../lib/gcc/arm-none-eabi/10.3.1/../../../../arm-none-eabi/lib/thumb/v7-m/nofp\libc.a(lib_a-strcmp.o)

Memory Configuration

Name             Origin             Length             Attributes
SRAM             0x20000000         0x00005000         xrw
FLASH            0x08000000         0x00010000         xr
*default*        0x00000000         0xffffffff

Linker script and memory map

LOAD Build/gpio.o
LOAD Build/main.o
LOAD Build/os.o
LOAD Build/startup.o
LOAD Build/timer.o
LOAD Build/usart.o
                0x20005000                _estack = (ORIGIN (SRAM) + LENGTH (SRAM))
                0x00000200                _Min_Heap_Size = 0x200
                0x00000400                _Min_Stack_Size = 0x400

.isr_vector     0x08000000       0xec
                0x08000000                . = ALIGN (0x4)
 *(.isr_vector)
 .isr_vector    0x08000000       0xec Build/startup.o
                0x08000000                isr_vector
                0x080000ec                . = ALIGN (0x4)

.text           0x080000ec      0xa18
                0x080000ec                . = ALIGN (0x4)
 *(.text)
 .text          0x080000ec      0x1b0 Build/gpio.o
                0x080000ec                GPIO_EnableClock
                0x08000194                GPIO_SetPin
                0x0800020e                GPIO_WritePin
                0x0800024c                GPIO_ReadPin
                0x08000274                GPIO_Toggle
 .text          0x0800029c      0x120 Build/main.o
                0x0800029c                Idle_Task
                0x080002a4                Task1
                0x080002c0                Task2
                0x080002dc                Task3
                0x080002f8                main
 .text          0x080003bc      0x2bc Build/os.o
                0x080003bc                OS_TaskCreate
                0x080004be                OS_AddThread
                0x08000510                OS_InitSysTick
                0x08000548                Systick_Handler
                0x080005d0                PendSV_Handler
                0x080005f8                SVCall_Handler
                0x08000610                OS_Start
                0x0800063c                OS_Delay
 .text          0x08000678       0x60 Build/startup.o
                0x08000678                RTC_Alarm_IRQHandler
                0x08000678                EXTI2_IRQHandler
                0x08000678                TIM1_CC_IRQHandler
                0x08000678                Hardfault_Handler
                0x08000678                PVD_IRQHandler
                0x08000678                NMI_Handler
                0x08000678                EXTI3_IRQHandler
                0x08000678                EXTI0_IRQHandler
                0x08000678                I2C2_EV_IRQHandler
                0x08000678                UsageFault_Handler
                0x08000678                ADC1_2_IRQHandler
                0x08000678                SPI1_IRQHandler
                0x08000678                TAMPER_IRQHandler
                0x08000678                DMA1_Channel4_IRQHandler
                0x08000678                USART3_IRQHandler
                0x08000678                RTC_IRQHandler
                0x08000678                DMA1_Channel7_IRQHandler
                0x08000678                I2C1_ER_IRQHandler
                0x08000678                CAN1_RX1_IRQHandler
                0x08000678                TIM4_IRQHandler
                0x08000678                I2C1_EV_IRQHandler
                0x08000678                DMA1_Channel6_IRQHandler
                0x08000678                TIM3_IRQHandler
                0x08000678                RCC_IRQHandler
                0x08000678                TIM1_TRG_COM_IRQHandler
                0x08000678                DMA1_Channel1_IRQHandler
                0x08000678                Default_Handler
                0x08000678                EXTI15_10_IRQHandler
                0x08000678                EXTI9_5_IRQHandler
                0x08000678                SPI2_IRQHandler
                0x08000678                MemManage_Handler
                0x08000678                DMA1_Channel5_IRQHandler
                0x08000678                EXTI4_IRQHandler
                0x08000678                USB_LP_CAN1_RX0_IRQHandler
                0x08000678                USB_HP_CAN1_TX_IRQHandler
                0x08000678                DMA1_Channel3_IRQHandler
                0x08000678                TIM1_UP_IRQHandler
                0x08000678                WWDG_IRQHandler
                0x08000678                TIM2_IRQHandler
                0x08000678                TIM1_BRK_IRQHandler
                0x08000678                EXTI1_IRQHandler
                0x08000678                USART2_IRQHandler
                0x08000678                I2C2_ER_IRQHandler
                0x08000678                DMA1_Channel2_IRQHandler
                0x08000678                CAN1_SCE_IRQHandler
                0x08000678                FLASH_IRQHandler
                0x08000678                BusFault_Handler
                0x08000678                USART1_IRQHandler
                0x08000678                USBWakeUp_IRQHandler
                0x0800067e                Reset_Handler
 .text          0x080006d8      0x270 Build/usart.o
                0x080006d8                USART_Init
                0x08000870                USART_SendChar
                0x0800089a                USART_Received
                0x080008c0                USART_SendString
                0x080008ee                USART_Recieved_String
 .text          0x08000948      0x1bc c:/program files (x86)/gnu arm embedded toolchain/10 2021.10/bin/../lib/gcc/arm-none-eabi/10.3.1/../../../../arm-none-eabi/lib/thumb/v7-m/nofp\libc.a(lib_a-strcmp.o)
                0x08000948                strcmp
 *(.text*)
 *(.glue_7)
 .glue_7        0x08000b04        0x0 linker stubs
 *(.glue_7t)
 .glue_7t       0x08000b04        0x0 linker stubs
 *(.eh_frame)
 *(.init)
 *(.fini)
                0x08000b04                . = ALIGN (0x4)
                0x08000b04                _etext = .

.vfp11_veneer   0x08000b04        0x0
 .vfp11_veneer  0x08000b04        0x0 linker stubs

.v4_bx          0x08000b04        0x0
 .v4_bx         0x08000b04        0x0 linker stubs

.iplt           0x08000b04        0x0
 .iplt          0x08000b04        0x0 Build/main.o

.rodata         0x08000b04       0x6c
                0x08000b04                . = ALIGN (0x4)
 *(.rodata)
 .rodata        0x08000b04       0x6c Build/main.o
 *(.rodata*)
                0x08000b70                . = ALIGN (0x4)

.rel.dyn        0x08000b70        0x0
 .rel.iplt      0x08000b70        0x0 Build/main.o

.ARM.extab      0x08000b70        0x0
                0x08000b70                . = ALIGN (0x4)
 *(.ARM.extab* .gnu.linkonce.armextab.*)
                0x08000b70                . = ALIGN (0x4)

.ARM            0x08000b70        0x0
                0x08000b70                . = ALIGN (0x4)
                0x08000b70                __exidx_start = .
 *(.ARM.exidx*)
                0x08000b70                __exidx_end = .
                0x08000b70                . = ALIGN (0x4)

.preinit_array  0x08000b70        0x0
                0x08000b70                . = ALIGN (0x4)
                [!provide]                PROVIDE (__preinit_array_start = .)
 *(.preinit_array*)
                [!provide]                PROVIDE (__preinit_array_end = .)
                0x08000b70                . = ALIGN (0x4)

.init_array     0x08000b70        0x0
                0x08000b70                . = ALIGN (0x4)
                [!provide]                PROVIDE (__init_array_start = .)
 *(SORT_BY_NAME(.init_array.*))
 *(.init_array*)
                [!provide]                PROVIDE (__init_array_end = .)
                0x08000b70                . = ALIGN (0x4)

.fini_array     0x08000b70        0x0
                0x08000b70                . = ALIGN (0x4)
                [!provide]                PROVIDE (__fini_array_start = .)
 *(SORT_BY_NAME(.fini_array.*))
 *(.fini_array*)
                [!provide]                PROVIDE (__fini_array_end = .)
                0x08000b70                . = ALIGN (0x4)
                0x08000b70                _sidata = LOADADDR (.data)

.data           0x20000000        0x0 load address 0x08000b70
                0x20000000                . = ALIGN (0x4)
                0x20000000                _sdata = .
 *(.data)
 *(.data*)
 *(.RamFunc)
 *(.RamFunc*)
                0x20000000                . = ALIGN (0x4)
                0x20000000                _edata = .

.igot.plt       0x20000000        0x0 load address 0x08000b70
 .igot.plt      0x20000000        0x0 Build/main.o
                0x20000000                . = ALIGN (0x4)

.bss            0x20000000       0x10 load address 0x08000b70
                0x20000000                _sbss = .
                0x20000000                __bss_start__ = _sbss
 *(.bss)
 .bss           0x20000000       0x10 Build/os.o
                0x20000000                current_task
                0x20000004                next_task
                0x20000008                head
                0x2000000c                tail
 *(.bss*)
 *(COMMON)
                0x20000010                _ebss = .
                0x20000010                __bss_end__ = _ebss

._user_heap_stack
                0x20000010      0x600 load address 0x08000b70
                0x20000010                . = ALIGN (0x8)
                [!provide]                PROVIDE (end = .)
                [!provide]                PROVIDE (_end = .)
                0x20000210                . = (. + _Min_Heap_Size)
 *fill*         0x20000010      0x200 
                0x20000610                . = (. + _Min_Stack_Size)
 *fill*         0x20000210      0x400 
                0x20000610                . = ALIGN (0x8)

/DISCARD/
 libc.a(*)
 libm.a(*)
 libgcc.a(*)

.ARM.attributes
                0x00000000       0x2b
 *(.ARM.attributes)
 .ARM.attributes
                0x00000000       0x2d Build/gpio.o
 .ARM.attributes
                0x0000002d       0x2d Build/main.o
 .ARM.attributes
                0x0000005a       0x2d Build/os.o
 .ARM.attributes
                0x00000087       0x2d Build/startup.o
 .ARM.attributes
                0x000000b4       0x2d Build/usart.o
OUTPUT(Build/project.elf elf32-littlearm)
LOAD linker stubs
LOAD c:/program files (x86)/gnu arm embedded toolchain/10 2021.10/bin/../lib/gcc/arm-none-eabi/10.3.1/../../../../arm-none-eabi/lib/thumb/v7-m/nofp\libc.a
LOAD c:/program files (x86)/gnu arm embedded toolchain/10 2021.10/bin/../lib/gcc/arm-none-eabi/10.3.1/../../../../arm-none-eabi/lib/thumb/v7-m/nofp\libm.a
LOAD c:/program files (x86)/gnu arm embedded toolchain/10 2021.10/bin/../lib/gcc/arm-none-eabi/10.3.1/thumb/v7-m/nofp\libgcc.a

.debug_info     0x00000000      0xda7
 .debug_info    0x00000000      0x338 Build/gpio.o
 .debug_info    0x00000338      0x330 Build/main.o
 .debug_info    0x00000668      0x259 Build/os.o
 .debug_info    0x000008c1      0x13b Build/startup.o
 .debug_info    0x000009fc      0x3ab Build/usart.o

.debug_abbrev   0x00000000      0x570
 .debug_abbrev  0x00000000      0x10c Build/gpio.o
 .debug_abbrev  0x0000010c      0x12f Build/main.o
 .debug_abbrev  0x0000023b      0x12a Build/os.o
 .debug_abbrev  0x00000365       0xc1 Build/startup.o
 .debug_abbrev  0x00000426      0x14a Build/usart.o

.debug_aranges  0x00000000       0xa0
 .debug_aranges
                0x00000000       0x20 Build/gpio.o
 .debug_aranges
                0x00000020       0x20 Build/main.o
 .debug_aranges
                0x00000040       0x20 Build/os.o
 .debug_aranges
                0x00000060       0x20 Build/startup.o
 .debug_aranges
                0x00000080       0x20 Build/usart.o

.debug_line     0x00000000      0x8fc
 .debug_line    0x00000000      0x1d3 Build/gpio.o
 .debug_line    0x000001d3      0x1a8 Build/main.o
 .debug_line    0x0000037b      0x236 Build/os.o
 .debug_line    0x000005b1      0x148 Build/startup.o
 .debug_line    0x000006f9      0x203 Build/usart.o

.debug_str      0x00000000      0x53d
 .debug_str     0x00000000      0x2db Build/gpio.o
                                0x320 (size before relaxing)
 .debug_str     0x000002db       0xb2 Build/main.o
                                0x306 (size before relaxing)
 .debug_str     0x0000038d       0xbf Build/os.o
                                0x1ff (size before relaxing)
 .debug_str     0x0000044c       0x6c Build/startup.o
                                0x196 (size before relaxing)
 .debug_str     0x000004b8       0x85 Build/usart.o
                                0x340 (size before relaxing)

.comment        0x00000000       0x49
 .comment       0x00000000       0x49 Build/gpio.o
                                 0x4a (size before relaxing)
 .comment       0x00000049       0x4a Build/main.o
 .comment       0x00000049       0x4a Build/os.o
 .comment       0x00000049       0x4a Build/startup.o
 .comment       0x00000049       0x4a Build/usart.o

.debug_frame    0x00000000      0x39c
 .debug_frame   0x00000000       0xd8 Build/gpio.o
 .debug_frame   0x000000d8       0x9c Build/main.o
 .debug_frame   0x00000174      0x114 Build/os.o
 .debug_frame   0x00000288       0x48 Build/startup.o
 .debug_frame   0x000002d0       0xcc Build/usart.o

Cross Reference Table

Symbol                                            File
ADC1_2_IRQHandler                                 Build/startup.o
BusFault_Handler                                  Build/startup.o
CAN1_RX1_IRQHandler                               Build/startup.o
CAN1_SCE_IRQHandler                               Build/startup.o
DMA1_Channel1_IRQHandler                          Build/startup.o
DMA1_Channel2_IRQHandler                          Build/startup.o
DMA1_Channel3_IRQHandler                          Build/startup.o
DMA1_Channel4_IRQHandler                          Build/startup.o
DMA1_Channel5_IRQHandler                          Build/startup.o
DMA1_Channel6_IRQHandler                          Build/startup.o
DMA1_Channel7_IRQHandler                          Build/startup.o
Default_Handler                                   Build/startup.o
EXTI0_IRQHandler                                  Build/startup.o
EXTI15_10_IRQHandler                              Build/startup.o
EXTI1_IRQHandler                                  Build/startup.o
EXTI2_IRQHandler                                  Build/startup.o
EXTI3_IRQHandler                                  Build/startup.o
EXTI4_IRQHandler                                  Build/startup.o
EXTI9_5_IRQHandler                                Build/startup.o
FLASH_IRQHandler                                  Build/startup.o
GPIO_EnableClock                                  Build/gpio.o
                                                  Build/main.o
GPIO_ReadPin                                      Build/gpio.o
GPIO_SetPin                                       Build/gpio.o
                                                  Build/usart.o
                                                  Build/main.o
GPIO_Toggle                                       Build/gpio.o
                                                  Build/main.o
GPIO_WritePin                                     Build/gpio.o
                                                  Build/main.o
Hardfault_Handler                                 Build/startup.o
I2C1_ER_IRQHandler                                Build/startup.o
I2C1_EV_IRQHandler                                Build/startup.o
I2C2_ER_IRQHandler                                Build/startup.o
I2C2_EV_IRQHandler                                Build/startup.o
Idle_Task                                         Build/main.o
MemManage_Handler                                 Build/startup.o
NMI_Handler                                       Build/startup.o
OS_AddThread                                      Build/os.o
OS_Delay                                          Build/os.o
                                                  Build/main.o
OS_InitSysTick                                    Build/os.o
OS_Start                                          Build/os.o
OS_TaskCreate                                     Build/os.o
PVD_IRQHandler                                    Build/startup.o
PendSV_Handler                                    Build/os.o
RCC_IRQHandler                                    Build/startup.o
RTC_Alarm_IRQHandler                              Build/startup.o
RTC_IRQHandler                                    Build/startup.o
Reset_Handler                                     Build/startup.o
SPI1_IRQHandler                                   Build/startup.o
SPI2_IRQHandler                                   Build/startup.o
SVCall_Handler                                    Build/os.o
Systick_Handler                                   Build/os.o
TAMPER_IRQHandler                                 Build/startup.o
TIM1_BRK_IRQHandler                               Build/startup.o
TIM1_CC_IRQHandler                                Build/startup.o
TIM1_TRG_COM_IRQHandler                           Build/startup.o
TIM1_UP_IRQHandler                                Build/startup.o
TIM2_IRQHandler                                   Build/startup.o
TIM3_IRQHandler                                   Build/startup.o
TIM4_IRQHandler                                   Build/startup.o
TIM_DelayMs                                       Build/timer.o
TIM_DelayUs                                       Build/timer.o
TIM_GetCounter                                    Build/timer.o
TIM_Init                                          Build/timer.o
TIM_PWM_Init                                      Build/timer.o
TIM_PWM_SetDuty                                   Build/timer.o
TIM_SetCounter                                    Build/timer.o
TIM_Start                                         Build/timer.o
TIM_Stop                                          Build/timer.o
Task1                                             Build/main.o
Task2                                             Build/main.o
Task3                                             Build/main.o
USART1_IRQHandler                                 Build/startup.o
USART2_IRQHandler                                 Build/startup.o
USART3_IRQHandler                                 Build/startup.o
USART_Init                                        Build/usart.o
                                                  Build/main.o
USART_Received                                    Build/usart.o
USART_Recieved_String                             Build/usart.o
                                                  Build/main.o
USART_SendChar                                    Build/usart.o
USART_SendString                                  Build/usart.o
                                                  Build/main.o
USBWakeUp_IRQHandler                              Build/startup.o
USB_HP_CAN1_TX_IRQHandler                         Build/startup.o
USB_LP_CAN1_RX0_IRQHandler                        Build/startup.o
UsageFault_Handler                                Build/startup.o
WWDG_IRQHandler                                   Build/startup.o
_ebss                                             Build/startup.o
_edata                                            Build/startup.o
_estack                                           Build/startup.o
_sbss                                             Build/startup.o
_sdata                                            Build/startup.o
_sidata                                           Build/startup.o
current_task                                      Build/os.o
head                                              Build/os.o
idle_stack                                        Build/main.o
isr_vector                                        Build/startup.o
main                                              Build/main.o
                                                  Build/startup.o
next_task                                         Build/os.o
strcmp                                            c:/program files (x86)/gnu arm embedded toolchain/10 2021.10/bin/../lib/gcc/arm-none-eabi/10.3.1/../../../../arm-none-eabi/lib/thumb/v7-m/nofp\libc.a(lib_a-strcmp.o)
                                                  Build/main.o
tail                                              Build/os.o
task1_stack                                       Build/main.o
task2_stack                                       Build/main.o
task3_stack                                       Build/main.o
tcb1                                              Build/main.o
tcb2                                              Build/main.o
tcb3                                              Build/main.o
tcbidle                                           Build/main.o
